[18:08:57] INIT: parse fields + PRIOR (parallel)
[18:09:05]   required_fields=9 seed_directions=4 prior_hypotheses=5 terms=4
[18:09:05] INIT: GROUND 4 terms (parallel, ~$0.25/term)
[18:09:33] INIT: probing 5 prior candidate answer(s) — screen then deep test
[18:10:06]   SCREEN: 5 passed / 5 screened ($0.04 total)
[18:10:55]   DEEP: 2 → pool, 3 → bin ($0.07 total)
[18:10:55]   INIT probe: 2 pooled, 3 binned (+2 directions seeded)
[18:10:55]   INIT spent $0.14
[18:11:01]   PLAN: $4.93 pot, $1.97 ceiling → d1 $1.97 (Directly extracts and tabulates exact cohort num); d15 $1.97 (Resolves the clinical distinction between KDM2B )
[18:11:01] ROUND 1: EXPLORE 2 dirs (d1=$1.97  d15=$1.97; spent $0.15/10.00)
[18:11:24]   +6 hypotheses from 2 directions
[18:11:55]   SCREEN: 6 passed / 6 screened ($0.08 total)
[18:12:44]   DEEP: 1 → pool, 5 → bin ($0.17 total)
[18:13:02]   PLAN: $4.84 pot, $1.94 ceiling → d20 $1.94 (Directly targets exact cohort numerators, denomi); d24 $1.94 (Resolves key contradictions in neurodevelopmenta)
[18:13:02] ROUND 2: EXPLORE 2 dirs (d20=$1.94  d24=$1.94; spent $0.33/10.00)
[18:13:28]   +7 hypotheses from 2 directions
[18:14:03]   SCREEN: 7 passed / 7 screened ($0.13 total)
[18:14:42]   DEEP: 6 → pool, 1 → bin ($0.26 total)
[18:14:48] FINALIZE: converged=False spent=$0.50  (init $0.03  plan $0.01  explore $0.06  screen $0.13  deep $0.26  measure $0.00)
[18:15:58]   outline: 7 sections; report 20KB
[18:16:07] DONE: coverage 5/9  quality 0.50 (9 pooled / 9 binned, untested 0)  answeredness=0.28  unsourced=0.00  answeredness/$=0.4764
