[17:16:04] INIT: parse fields + PRIOR (parallel)
[17:16:13]   required_fields=8 seed_directions=3 prior_hypotheses=4 terms=4
[17:16:13] INIT: GROUND 4 terms (parallel, ~$0.25/term)
[17:17:03] INIT: probing 4 prior candidate answer(s) — screen then deep test
[17:17:19]   SCREEN: 4 passed / 4 screened ($0.03 total)
[17:18:04]   DEEP: 2 → pool, 2 → bin ($0.06 total)
[17:18:04]   INIT probe: 2 pooled, 2 binned (+2 directions seeded)
[17:18:04]   INIT spent $0.12
[17:18:09]   PLAN: $4.94 pot, $1.98 ceiling → d11 $1.98 (Investigating Jouret et al. (2022) alongside Oll); d4 $1.98 (Resolves the citation error (PMID 29379197 vs 30)
[17:18:09] ROUND 1: EXPLORE 2 dirs (d11=$1.98  d4=$1.98; spent $0.12/10.00)
[17:18:33]   +6 hypotheses from 2 directions
[17:19:13]   SCREEN: 6 passed / 6 screened ($0.08 total)
[17:19:57]   DEEP: 2 → pool, 4 → bin ($0.13 total)
[17:20:14]   PLAN: $4.86 pot, $1.95 ceiling → d18 $1.95 (Directly resolves required cohort numerators and); d16 $1.95 (Extracts granular numerator/denominator data acr)
[17:20:14] ROUND 2: EXPLORE 2 dirs (d18=$1.95  d16=$1.95; spent $0.28/10.00)
[17:20:41]   +6 hypotheses from 2 directions
[17:21:10]   SCREEN: 6 passed / 6 screened ($0.12 total)
[17:21:54]   DEEP: 2 → pool, 4 → bin ($0.20 total)
[17:22:06] FINALIZE: converged=False spent=$0.43  (init $0.03  plan $0.01  explore $0.07  screen $0.12  deep $0.20  measure $0.00)
[17:22:41]   outline: 7 sections; report 16KB
[17:22:49] DONE: coverage 4/8  quality 0.38 (6 pooled / 10 binned, untested 0)  answeredness=0.19  unsourced=0.00  answeredness/$=0.3955
