[18:13:15] INIT: parse fields + PRIOR (parallel)
[18:13:24]   required_fields=6 seed_directions=3 prior_hypotheses=4 terms=4
[18:13:24] INIT: GROUND 4 terms (parallel, ~$0.25/term)
[18:13:43] INIT: probing 4 prior candidate answer(s) — screen then deep test
[18:13:58]   SCREEN: 4 passed / 4 screened ($0.03 total)
[18:14:24]   DEEP: 3 → pool, 1 → bin ($0.06 total)
[18:14:24]   INIT probe: 3 pooled, 1 binned (+3 directions seeded)
[18:14:24]   INIT spent $0.13
[18:14:29]   PLAN: $4.94 pot, $1.97 ceiling → d1 $1.97 (Directly targets the primary missing requirement); d9 $1.97 (Resolves the key open conflict regarding phenoty)
[18:14:29] ROUND 1: EXPLORE 2 dirs (d1=$1.97  d9=$1.97; spent $0.13/10.00)
[18:14:58]   +6 hypotheses from 2 directions
[18:15:27]   SCREEN: 6 passed / 6 screened ($0.08 total)
[18:16:10]   DEEP: 3 → pool, 3 → bin ($0.15 total)
[18:16:23]   PLAN: $4.85 pot, $1.94 ceiling → d29 $1.94 (Directly resolves a contested literature contrad); d26 $1.94 (Resolves the explicit conflict between Sakti and)
[18:16:23] ROUND 2: EXPLORE 2 dirs (d29=$1.94  d26=$1.94; spent $0.31/10.00)
[18:16:50]   +6 hypotheses from 2 directions
[18:17:15]   SCREEN: 6 passed / 6 screened ($0.12 total)
[18:17:56]   DEEP: 3 → pool, 3 → bin ($0.23 total)
[18:18:03] FINALIZE: converged=False spent=$0.47  (init $0.04  plan $0.01  explore $0.07  screen $0.12  deep $0.23  measure $0.00)
[18:18:55]   outline: 7 sections; report 25KB
[18:19:04] DONE: coverage 3/6  quality 0.56 (9 pooled / 7 binned, untested 0)  answeredness=0.28  unsourced=0.00  answeredness/$=0.5305
