[18:07:11] INIT: parse fields + PRIOR (parallel)
[18:07:18]   required_fields=6 seed_directions=4 prior_hypotheses=5 terms=4
[18:07:18] INIT: GROUND 4 terms (parallel, ~$0.25/term)
[18:07:35] INIT: probing 5 prior candidate answer(s) — screen then deep test
[18:08:07]   SCREEN: 4 passed / 5 screened ($0.03 total)
[18:08:28]   DEEP: 1 → pool, 3 → bin ($0.05 total)
[18:08:28]   INIT probe: 1 pooled, 4 binned (+1 directions seeded)
[18:08:28]   INIT spent $0.11
[18:08:34]   PLAN: $4.95 pot, $1.98 ceiling → d5 $1.98 (Resolving the cohort denominator discrepancy (12); d16 $1.98 (Directly addresses Question 3 by establishing th)
[18:08:34] ROUND 1: EXPLORE 2 dirs (d5=$1.98  d16=$1.98; spent $0.11/10.00)
[18:09:02]   +6 hypotheses from 2 directions
[18:09:29]   SCREEN: 6 passed / 6 screened ($0.07 total)
[18:10:15]   DEEP: 3 → pool, 3 → bin ($0.12 total)
[18:10:29]   PLAN: $4.87 pot, $1.95 ceiling → d1 $1.95 (Directly establishes comprehensive cohort-specif); d28 $1.90 (Directly resolves contradictory reports between )
[18:10:29] ROUND 2: EXPLORE 2 dirs (d1=$1.95  d28=$1.90; spent $0.26/10.00)
[18:10:53]   +6 hypotheses from 2 directions
[18:11:16]   SCREEN: 5 passed / 6 screened ($0.10 total)
[18:11:52]   DEEP: 4 → pool, 1 → bin ($0.16 total)
[18:11:57] FINALIZE: converged=False spent=$0.37  (init $0.03  plan $0.01  explore $0.06  screen $0.10  deep $0.16  measure $0.00)
[18:12:58]   outline: 7 sections; report 20KB
[18:13:15] DONE: coverage 3/6  quality 0.47 (8 pooled / 9 binned, untested 0)  answeredness=0.24  unsourced=0.00  answeredness/$=0.5349
