[17:08:29] INIT: parse fields + PRIOR (parallel)
[17:08:38]   required_fields=10 seed_directions=4 prior_hypotheses=6 terms=4
[17:08:38] INIT: GROUND 4 terms (parallel, ~$0.25/term)
[17:08:53] INIT: probing 5 prior candidate answer(s) — screen then deep test
[17:09:19]   SCREEN: 5 passed / 5 screened ($0.03 total)
[17:10:04]   DEEP: 2 → pool, 3 → bin ($0.05 total)
[17:10:04]   INIT probe: 2 pooled, 3 binned (+2 directions seeded)
[17:10:04]   INIT spent $0.11
[17:10:10]   PLAN: $4.94 pot, $1.98 ceiling → d1 $1.98 (Extracts the definitive cohort tallies, exact nu); d15 $1.98 (Directly targets genotype-phenotype correlation )
[17:10:10] ROUND 1: EXPLORE 2 dirs (d1=$1.98  d15=$1.98; spent $0.12/10.00)
[17:10:35]   +6 hypotheses from 2 directions
[17:11:05]   SCREEN: 7 passed / 7 screened ($0.07 total)
[17:11:48]   DEEP: 4 → pool, 3 → bin ($0.13 total)
[17:12:02]   PLAN: $4.87 pot, $1.95 ceiling → d18 $1.95 (Directly resolves required clinical phenotype co); d19 $1.95 (Identifies the additional 2021 probands recorded)
[17:12:02] ROUND 2: EXPLORE 2 dirs (d18=$1.95  d19=$1.95; spent $0.28/10.00)
[17:12:30]   +6 hypotheses from 2 directions
[17:13:05]   SCREEN: 6 passed / 6 screened ($0.11 total)
[17:13:59]   DEEP: 3 → pool, 3 → bin ($0.21 total)
[17:14:09] FINALIZE: converged=False spent=$0.42  (init $0.03  plan $0.01  explore $0.06  screen $0.11  deep $0.21  measure $0.00)
[17:14:52]   outline: 7 sections; report 18KB
[17:15:00] DONE: coverage 5/10  quality 0.50 (9 pooled / 9 binned, untested 0)  answeredness=0.25  unsourced=0.00  answeredness/$=0.5342
