[17:57:20] INIT: parse fields + PRIOR (parallel)
[17:57:29]   required_fields=8 seed_directions=4 prior_hypotheses=4 terms=4
[17:57:29] INIT: GROUND 4 terms (parallel, ~$0.25/term)
[17:57:52] INIT: probing 4 prior candidate answer(s) — screen then deep test
[17:58:07]   SCREEN: 4 passed / 4 screened ($0.03 total)
[17:58:27]   DEEP: 1 → pool, 3 → bin ($0.06 total)
[17:58:27]   INIT probe: 1 pooled, 3 binned (+1 directions seeded)
[17:58:27]   INIT spent $0.12
[17:58:32]   PLAN: $4.94 pot, $1.98 ceiling → d12 $1.98 (Directly resolves the fundamental clinical diver); d9 $1.98 (Resolves the critical neuroimaging conflict betw)
[17:58:32] ROUND 1: EXPLORE 2 dirs (d12=$1.98  d9=$1.98; spent $0.12/10.00)
[17:59:02]   +7 hypotheses from 2 directions
[17:59:36]   SCREEN: 7 passed / 7 screened ($0.09 total)
[18:00:44]   DEEP: 4 → pool, 3 → bin ($0.18 total)
[18:00:57]   PLAN: $4.83 pot, $1.93 ceiling → d4 $1.93 (Directly provides exact cohort counts, numerator); d31 $1.93 (Resolves the key open conflict regarding anterio)
[18:00:57] ROUND 2: EXPLORE 2 dirs (d4=$1.93  d31=$1.93; spent $0.35/10.00)
[18:01:22]   +6 hypotheses from 2 directions
[18:01:54]   SCREEN: 6 passed / 6 screened ($0.13 total)
[18:02:37]   DEEP: 4 → pool, 2 → bin ($0.28 total)
[18:02:45] FINALIZE: converged=False spent=$0.53  (init $0.03  plan $0.01  explore $0.08  screen $0.13  deep $0.28  measure $0.00)
[18:03:45]   outline: 7 sections; report 23KB
[18:03:58] DONE: coverage 4/8  quality 0.53 (9 pooled / 8 binned, untested 0)  answeredness=0.26  unsourced=0.00  answeredness/$=0.4426
