[17:36:27] INIT: parse fields + PRIOR (parallel)
[17:36:40]   required_fields=5 seed_directions=4 prior_hypotheses=6 terms=4
[17:36:40] INIT: GROUND 4 terms (parallel, ~$0.25/term)
[17:37:01] INIT: probing 5 prior candidate answer(s) — screen then deep test
[17:37:30]   SCREEN: 5 passed / 5 screened ($0.03 total)
[17:38:17]   DEEP: 0 → pool, 5 → bin ($0.06 total)
[17:38:17]   INIT probe: 0 pooled, 5 binned (+0 directions seeded)
[17:38:17]   INIT spent $0.13
[17:38:22]   PLAN: $4.93 pot, $1.97 ceiling → d1 $1.97 (Directly resolves core requirement 1 by extracti); d15 $1.97 (Directly targets requirement 2 by identifying di)
[17:38:22] ROUND 1: EXPLORE 2 dirs (d1=$1.97  d15=$1.97; spent $0.14/10.00)
[17:38:44]   +6 hypotheses from 2 directions
[17:39:28]   SCREEN: 7 passed / 7 screened ($0.08 total)
[17:40:31]   DEEP: 2 → pool, 5 → bin ($0.17 total)
[17:40:48]   PLAN: $4.84 pot, $1.94 ceiling → d19 $1.94 (Directly resolves requirement 1 by extracting pa); d38 $1.94 (Directly resolves requirement 2 by identifying d)
[17:40:48] ROUND 2: EXPLORE 2 dirs (d19=$1.94  d38=$1.94; spent $0.33/10.00)
[17:41:11]   +7 hypotheses from 2 directions
[17:42:35]   SCREEN: 7 passed / 7 screened ($0.13 total)
[17:43:40]   DEEP: 2 → pool, 5 → bin ($0.27 total)
[17:43:45] FINALIZE: converged=False spent=$0.50  (init $0.04  plan $0.01  explore $0.05  screen $0.13  deep $0.27  measure $0.00)
[17:44:36]   outline: 6 sections; report 18KB
[17:45:10] DONE: coverage 1/5  quality 0.21 (4 pooled / 15 binned, untested 0)  answeredness=0.04  unsourced=0.00  answeredness/$=0.0732
